###########################################################
####               ICTC Regression Report              ####
###########################################################
Total testcase run: 612
Passed            : 612
Failed            : 0
Unknown           : 0
Used time         : 1h 37m 40s
-----------------------------------------------------------
Run log detail:
log/full_115200_5_even_1_test_859397.log: => Passed
log/full_115200_5_even_2_test_353315.log: => Passed
log/full_115200_5_none_1_test_490247.log: => Passed
log/full_115200_5_none_2_test_268078.log: => Passed
log/full_115200_5_odd_1_test_817953.log: => Passed
log/full_115200_5_odd_2_test_197936.log: => Passed
log/full_115200_6_even_1_test_616886.log: => Passed
log/full_115200_6_even_2_test_151814.log: => Passed
log/full_115200_6_none_1_test_964234.log: => Passed
log/full_115200_6_none_2_test_665030.log: => Passed
log/full_115200_6_odd_1_test_452921.log: => Passed
log/full_115200_6_odd_2_test_367364.log: => Passed
log/full_115200_7_even_1_test_391685.log: => Passed
log/full_115200_7_even_2_test_330063.log: => Passed
log/full_115200_7_none_1_test_233296.log: => Passed
log/full_115200_7_none_2_test_301187.log: => Passed
log/full_115200_7_odd_1_test_393497.log: => Passed
log/full_115200_7_odd_2_test_552703.log: => Passed
log/full_115200_8_even_1_test_276711.log: => Passed
log/full_115200_8_even_2_test_118607.log: => Passed
log/full_115200_8_none_1_test_369379.log: => Passed
log/full_115200_8_none_2_test_412501.log: => Passed
log/full_115200_8_odd_1_test_886158.log: => Passed
log/full_115200_8_odd_2_test_444818.log: => Passed
log/full_19200_5_even_1_test_729968.log: => Passed
log/full_19200_5_even_2_test_343975.log: => Passed
log/full_19200_5_none_1_test_924953.log: => Passed
log/full_19200_5_none_2_test_439861.log: => Passed
log/full_19200_5_odd_1_test_626909.log: => Passed
log/full_19200_5_odd_2_test_526035.log: => Passed
log/full_19200_6_even_1_test_909450.log: => Passed
log/full_19200_6_even_2_test_201145.log: => Passed
log/full_19200_6_none_1_test_787674.log: => Passed
log/full_19200_6_none_2_test_944847.log: => Passed
log/full_19200_6_odd_1_test_993782.log: => Passed
log/full_19200_6_odd_2_test_386332.log: => Passed
log/full_19200_7_even_1_test_910614.log: => Passed
log/full_19200_7_even_2_test_278562.log: => Passed
log/full_19200_7_none_1_test_571686.log: => Passed
log/full_19200_7_none_2_test_511884.log: => Passed
log/full_19200_7_odd_1_test_627017.log: => Passed
log/full_19200_7_odd_2_test_357917.log: => Passed
log/full_19200_8_even_1_test_400164.log: => Passed
log/full_19200_8_even_2_test_612981.log: => Passed
log/full_19200_8_none_1_test_448844.log: => Passed
log/full_19200_8_none_2_test_506850.log: => Passed
log/full_19200_8_odd_1_test_610705.log: => Passed
log/full_19200_8_odd_2_test_495837.log: => Passed
log/full_2400_5_even_1_test_633494.log: => Passed
log/full_2400_5_even_2_test_480608.log: => Passed
log/full_2400_5_none_1_test_488197.log: => Passed
log/full_2400_5_none_2_test_940007.log: => Passed
log/full_2400_5_odd_1_test_894678.log: => Passed
log/full_2400_5_odd_2_test_670317.log: => Passed
log/full_2400_6_even_1_test_540017.log: => Passed
log/full_2400_6_even_2_test_394842.log: => Passed
log/full_2400_6_none_1_test_837492.log: => Passed
log/full_2400_6_none_2_test_569960.log: => Passed
log/full_2400_6_odd_1_test_666735.log: => Passed
log/full_2400_6_odd_2_test_696535.log: => Passed
log/full_2400_7_even_1_test_406563.log: => Passed
log/full_2400_7_even_2_test_953601.log: => Passed
log/full_2400_7_none_1_test_710561.log: => Passed
log/full_2400_7_none_2_test_510912.log: => Passed
log/full_2400_7_odd_1_test_922634.log: => Passed
log/full_2400_7_odd_2_test_270374.log: => Passed
log/full_2400_8_even_1_test_669679.log: => Passed
log/full_2400_8_even_2_test_235633.log: => Passed
log/full_2400_8_none_1_test_443393.log: => Passed
log/full_2400_8_none_2_test_422800.log: => Passed
log/full_2400_8_odd_1_test_438734.log: => Passed
log/full_2400_8_odd_2_test_877037.log: => Passed
log/full_38400_5_even_1_test_580920.log: => Passed
log/full_38400_5_even_2_test_625721.log: => Passed
log/full_38400_5_none_1_test_954348.log: => Passed
log/full_38400_5_none_2_test_894888.log: => Passed
log/full_38400_5_odd_1_test_440414.log: => Passed
log/full_38400_5_odd_2_test_260648.log: => Passed
log/full_38400_6_even_1_test_946588.log: => Passed
log/full_38400_6_even_2_test_407160.log: => Passed
log/full_38400_6_none_1_test_745245.log: => Passed
log/full_38400_6_none_2_test_701191.log: => Passed
log/full_38400_6_odd_1_test_332301.log: => Passed
log/full_38400_6_odd_2_test_847961.log: => Passed
log/full_38400_7_even_1_test_495830.log: => Passed
log/full_38400_7_even_2_test_117895.log: => Passed
log/full_38400_7_none_1_test_495033.log: => Passed
log/full_38400_7_none_2_test_130123.log: => Passed
log/full_38400_7_odd_1_test_494389.log: => Passed
log/full_38400_7_odd_2_test_382977.log: => Passed
log/full_38400_8_even_1_test_190836.log: => Passed
log/full_38400_8_even_2_test_290887.log: => Passed
log/full_38400_8_none_1_test_557813.log: => Passed
log/full_38400_8_none_2_test_402175.log: => Passed
log/full_38400_8_odd_1_test_732774.log: => Passed
log/full_38400_8_odd_2_test_903897.log: => Passed
log/full_4800_5_even_1_test_870238.log: => Passed
log/full_4800_5_even_2_test_574516.log: => Passed
log/full_4800_5_none_1_test_528748.log: => Passed
log/full_4800_5_none_2_test_579727.log: => Passed
log/full_4800_5_odd_1_test_889786.log: => Passed
log/full_4800_5_odd_2_test_654707.log: => Passed
log/full_4800_6_even_1_test_422857.log: => Passed
log/full_4800_6_even_2_test_912257.log: => Passed
log/full_4800_6_none_1_test_664969.log: => Passed
log/full_4800_6_none_2_test_125628.log: => Passed
log/full_4800_6_odd_1_test_811987.log: => Passed
log/full_4800_6_odd_2_test_503524.log: => Passed
log/full_4800_7_even_1_test_600086.log: => Passed
log/full_4800_7_even_2_test_932413.log: => Passed
log/full_4800_7_none_1_test_360659.log: => Passed
log/full_4800_7_none_2_test_204803.log: => Passed
log/full_4800_7_odd_1_test_766377.log: => Passed
log/full_4800_7_odd_2_test_310639.log: => Passed
log/full_4800_8_even_1_test_448389.log: => Passed
log/full_4800_8_even_2_test_203066.log: => Passed
log/full_4800_8_none_1_test_782534.log: => Passed
log/full_4800_8_none_2_test_282808.log: => Passed
log/full_4800_8_odd_1_test_802996.log: => Passed
log/full_4800_8_odd_2_test_534665.log: => Passed
log/full_76800_5_even_1_test_148113.log: => Passed
log/full_76800_5_even_2_test_906760.log: => Passed
log/full_76800_5_none_1_test_424120.log: => Passed
log/full_76800_5_none_2_test_890876.log: => Passed
log/full_76800_5_odd_1_test_392640.log: => Passed
log/full_76800_5_odd_2_test_155917.log: => Passed
log/full_76800_6_even_1_test_570471.log: => Passed
log/full_76800_6_even_2_test_676466.log: => Passed
log/full_76800_6_none_1_test_243992.log: => Passed
log/full_76800_6_none_2_test_533424.log: => Passed
log/full_76800_6_odd_1_test_312793.log: => Passed
log/full_76800_6_odd_2_test_605279.log: => Passed
log/full_76800_7_even_1_test_714277.log: => Passed
log/full_76800_7_even_2_test_975009.log: => Passed
log/full_76800_7_none_1_test_205643.log: => Passed
log/full_76800_7_none_2_test_179975.log: => Passed
log/full_76800_7_odd_1_test_896963.log: => Passed
log/full_76800_7_odd_2_test_691873.log: => Passed
log/full_76800_8_even_1_test_909323.log: => Passed
log/full_76800_8_even_2_test_928327.log: => Passed
log/full_76800_8_none_1_test_417099.log: => Passed
log/full_76800_8_none_2_test_510230.log: => Passed
log/full_76800_8_odd_1_test_305593.log: => Passed
log/full_76800_8_odd_2_test_193648.log: => Passed
log/full_9600_5_even_1_test_142881.log: => Passed
log/full_9600_5_even_2_test_696998.log: => Passed
log/full_9600_5_none_1_test_593334.log: => Passed
log/full_9600_5_none_2_test_900728.log: => Passed
log/full_9600_5_odd_1_test_739590.log: => Passed
log/full_9600_5_odd_2_test_544647.log: => Passed
log/full_9600_6_even_1_test_386366.log: => Passed
log/full_9600_6_even_2_test_263447.log: => Passed
log/full_9600_6_none_1_test_993649.log: => Passed
log/full_9600_6_none_2_test_366546.log: => Passed
log/full_9600_6_odd_1_test_708790.log: => Passed
log/full_9600_6_odd_2_test_768268.log: => Passed
log/full_9600_7_even_1_test_876632.log: => Passed
log/full_9600_7_even_2_test_792450.log: => Passed
log/full_9600_7_none_1_test_931918.log: => Passed
log/full_9600_7_none_2_test_368836.log: => Passed
log/full_9600_7_odd_1_test_167162.log: => Passed
log/full_9600_7_odd_2_test_961122.log: => Passed
log/full_9600_8_even_1_test_434379.log: => Passed
log/full_9600_8_even_2_test_168772.log: => Passed
log/full_9600_8_none_1_test_916345.log: => Passed
log/full_9600_8_none_2_test_115729.log: => Passed
log/full_9600_8_odd_1_test_847278.log: => Passed
log/full_9600_8_odd_2_test_472209.log: => Passed
log/full_custom_5_even_1_test_189493.log: => Passed
log/full_custom_5_even_2_test_933940.log: => Passed
log/full_custom_5_none_1_test_104207.log: => Passed
log/full_custom_5_none_2_test_992468.log: => Passed
log/full_custom_5_odd_1_test_498163.log: => Passed
log/full_custom_5_odd_2_test_862615.log: => Passed
log/full_custom_6_even_1_test_566593.log: => Passed
log/full_custom_6_even_2_test_858062.log: => Passed
log/full_custom_6_none_1_test_511446.log: => Passed
log/full_custom_6_none_2_test_673932.log: => Passed
log/full_custom_6_odd_1_test_877140.log: => Passed
log/full_custom_6_odd_2_test_937593.log: => Passed
log/full_custom_7_even_1_test_290462.log: => Passed
log/full_custom_7_even_2_test_154497.log: => Passed
log/full_custom_7_none_1_test_832613.log: => Passed
log/full_custom_7_none_2_test_484820.log: => Passed
log/full_custom_7_odd_1_test_270181.log: => Passed
log/full_custom_7_odd_2_test_564438.log: => Passed
log/full_custom_8_even_1_test_256725.log: => Passed
log/full_custom_8_even_2_test_368330.log: => Passed
log/full_custom_8_none_1_test_880485.log: => Passed
log/full_custom_8_none_2_test_687827.log: => Passed
log/full_custom_8_odd_1_test_383916.log: => Passed
log/full_custom_8_odd_2_test_920731.log: => Passed
log/interrupt_parity_error_dis_test_870281.log: => Passed
log/interrupt_parity_error_en_test_951681.log: => Passed
log/interrupt_rx_empty_dis_test_288346.log: => Passed
log/interrupt_rx_empty_en_test_352670.log: => Passed
log/interrupt_rx_full_dis_test_380982.log: => Passed
log/interrupt_rx_full_en_test_949947.log: => Passed
log/interrupt_tx_empty_dis_test_456991.log: => Passed
log/interrupt_tx_empty_en_test_200508.log: => Passed
log/interrupt_tx_full_dis_test_728378.log: => Passed
log/interrupt_tx_full_en_test_301349.log: => Passed
log/mismatch_baudrate_test_219491.log: => Passed
log/mismatch_data_width_test_852645.log: => Passed
log/mismatch_parity_test_716190.log: => Passed
log/mismatch_stop_width_test_409530.log: => Passed
log/receive_115200_5_even_1_test_743671.log: => Passed
log/receive_115200_5_even_2_test_537894.log: => Passed
log/receive_115200_5_none_1_test_278455.log: => Passed
log/receive_115200_5_none_2_test_207095.log: => Passed
log/receive_115200_5_odd_1_test_294931.log: => Passed
log/receive_115200_5_odd_2_test_605972.log: => Passed
log/receive_115200_6_even_1_test_772628.log: => Passed
log/receive_115200_6_even_2_test_289414.log: => Passed
log/receive_115200_6_none_1_test_675440.log: => Passed
log/receive_115200_6_none_2_test_130622.log: => Passed
log/receive_115200_6_odd_1_test_454544.log: => Passed
log/receive_115200_6_odd_2_test_492818.log: => Passed
log/receive_115200_7_even_1_test_574144.log: => Passed
log/receive_115200_7_even_2_test_541438.log: => Passed
log/receive_115200_7_none_1_test_147282.log: => Passed
log/receive_115200_7_none_2_test_328434.log: => Passed
log/receive_115200_7_odd_1_test_238360.log: => Passed
log/receive_115200_7_odd_2_test_691479.log: => Passed
log/receive_115200_8_even_1_test_787409.log: => Passed
log/receive_115200_8_even_2_test_561706.log: => Passed
log/receive_115200_8_none_1_test_837237.log: => Passed
log/receive_115200_8_none_2_test_619288.log: => Passed
log/receive_115200_8_odd_1_test_449056.log: => Passed
log/receive_115200_8_odd_2_test_663185.log: => Passed
log/receive_19200_5_even_1_test_964897.log: => Passed
log/receive_19200_5_even_2_test_891861.log: => Passed
log/receive_19200_5_none_1_test_751270.log: => Passed
log/receive_19200_5_none_2_test_942054.log: => Passed
log/receive_19200_5_odd_1_test_827368.log: => Passed
log/receive_19200_5_odd_2_test_621808.log: => Passed
log/receive_19200_6_even_1_test_635456.log: => Passed
log/receive_19200_6_even_2_test_191460.log: => Passed
log/receive_19200_6_none_1_test_103100.log: => Passed
log/receive_19200_6_none_2_test_433726.log: => Passed
log/receive_19200_6_odd_1_test_543784.log: => Passed
log/receive_19200_6_odd_2_test_323987.log: => Passed
log/receive_19200_7_even_1_test_665402.log: => Passed
log/receive_19200_7_even_2_test_181475.log: => Passed
log/receive_19200_7_none_1_test_967135.log: => Passed
log/receive_19200_7_none_2_test_329623.log: => Passed
log/receive_19200_7_odd_1_test_883930.log: => Passed
log/receive_19200_7_odd_2_test_990132.log: => Passed
log/receive_19200_8_even_1_test_432188.log: => Passed
log/receive_19200_8_even_2_test_139124.log: => Passed
log/receive_19200_8_none_1_test_757891.log: => Passed
log/receive_19200_8_none_2_test_389702.log: => Passed
log/receive_19200_8_odd_1_test_948769.log: => Passed
log/receive_19200_8_odd_2_test_583482.log: => Passed
log/receive_2400_5_even_1_test_537926.log: => Passed
log/receive_2400_5_even_2_test_552914.log: => Passed
log/receive_2400_5_none_1_test_665337.log: => Passed
log/receive_2400_5_none_2_test_685157.log: => Passed
log/receive_2400_5_odd_1_test_838893.log: => Passed
log/receive_2400_5_odd_2_test_651179.log: => Passed
log/receive_2400_6_even_1_test_462985.log: => Passed
log/receive_2400_6_even_2_test_987358.log: => Passed
log/receive_2400_6_none_1_test_615832.log: => Passed
log/receive_2400_6_none_2_test_663745.log: => Passed
log/receive_2400_6_odd_1_test_826849.log: => Passed
log/receive_2400_6_odd_2_test_906904.log: => Passed
log/receive_2400_7_even_1_test_807179.log: => Passed
log/receive_2400_7_even_2_test_427951.log: => Passed
log/receive_2400_7_none_1_test_930757.log: => Passed
log/receive_2400_7_none_2_test_607892.log: => Passed
log/receive_2400_7_odd_1_test_622607.log: => Passed
log/receive_2400_7_odd_2_test_804458.log: => Passed
log/receive_2400_8_even_1_test_390308.log: => Passed
log/receive_2400_8_even_2_test_730407.log: => Passed
log/receive_2400_8_none_1_test_495793.log: => Passed
log/receive_2400_8_none_2_test_654806.log: => Passed
log/receive_2400_8_odd_1_test_271547.log: => Passed
log/receive_2400_8_odd_2_test_269667.log: => Passed
log/receive_38400_5_even_1_test_631383.log: => Passed
log/receive_38400_5_even_2_test_251008.log: => Passed
log/receive_38400_5_none_1_test_186020.log: => Passed
log/receive_38400_5_none_2_test_551958.log: => Passed
log/receive_38400_5_odd_1_test_238439.log: => Passed
log/receive_38400_5_odd_2_test_522961.log: => Passed
log/receive_38400_6_even_1_test_707108.log: => Passed
log/receive_38400_6_even_2_test_669366.log: => Passed
log/receive_38400_6_none_1_test_203674.log: => Passed
log/receive_38400_6_none_2_test_108677.log: => Passed
log/receive_38400_6_odd_1_test_957445.log: => Passed
log/receive_38400_6_odd_2_test_627301.log: => Passed
log/receive_38400_7_even_1_test_778733.log: => Passed
log/receive_38400_7_even_2_test_680033.log: => Passed
log/receive_38400_7_none_1_test_262239.log: => Passed
log/receive_38400_7_none_2_test_377332.log: => Passed
log/receive_38400_7_odd_1_test_299535.log: => Passed
log/receive_38400_7_odd_2_test_345753.log: => Passed
log/receive_38400_8_even_1_test_249468.log: => Passed
log/receive_38400_8_even_2_test_500302.log: => Passed
log/receive_38400_8_none_1_test_520463.log: => Passed
log/receive_38400_8_none_2_test_551862.log: => Passed
log/receive_38400_8_odd_1_test_615347.log: => Passed
log/receive_38400_8_odd_2_test_492564.log: => Passed
log/receive_4800_5_even_1_test_159324.log: => Passed
log/receive_4800_5_even_2_test_720838.log: => Passed
log/receive_4800_5_none_1_test_326616.log: => Passed
log/receive_4800_5_none_2_test_591938.log: => Passed
log/receive_4800_5_odd_1_test_843764.log: => Passed
log/receive_4800_5_odd_2_test_465396.log: => Passed
log/receive_4800_6_even_1_test_572640.log: => Passed
log/receive_4800_6_even_2_test_409512.log: => Passed
log/receive_4800_6_none_1_test_515701.log: => Passed
log/receive_4800_6_none_2_test_838478.log: => Passed
log/receive_4800_6_odd_1_test_158070.log: => Passed
log/receive_4800_6_odd_2_test_411558.log: => Passed
log/receive_4800_7_even_1_test_333356.log: => Passed
log/receive_4800_7_even_2_test_844422.log: => Passed
log/receive_4800_7_none_1_test_682537.log: => Passed
log/receive_4800_7_none_2_test_592414.log: => Passed
log/receive_4800_7_odd_1_test_451417.log: => Passed
log/receive_4800_7_odd_2_test_118317.log: => Passed
log/receive_4800_8_even_1_test_823439.log: => Passed
log/receive_4800_8_even_2_test_166962.log: => Passed
log/receive_4800_8_none_1_test_867102.log: => Passed
log/receive_4800_8_none_2_test_751107.log: => Passed
log/receive_4800_8_odd_1_test_431847.log: => Passed
log/receive_4800_8_odd_2_test_487966.log: => Passed
log/receive_76800_5_even_1_test_337643.log: => Passed
log/receive_76800_5_even_2_test_712510.log: => Passed
log/receive_76800_5_none_1_test_900706.log: => Passed
log/receive_76800_5_none_2_test_623784.log: => Passed
log/receive_76800_5_odd_1_test_510773.log: => Passed
log/receive_76800_5_odd_2_test_650256.log: => Passed
log/receive_76800_6_even_1_test_175124.log: => Passed
log/receive_76800_6_even_2_test_837663.log: => Passed
log/receive_76800_6_none_1_test_285720.log: => Passed
log/receive_76800_6_none_2_test_759135.log: => Passed
log/receive_76800_6_odd_1_test_297722.log: => Passed
log/receive_76800_6_odd_2_test_973247.log: => Passed
log/receive_76800_7_even_1_test_970033.log: => Passed
log/receive_76800_7_even_2_test_561659.log: => Passed
log/receive_76800_7_none_1_test_204327.log: => Passed
log/receive_76800_7_none_2_test_665493.log: => Passed
log/receive_76800_7_odd_1_test_642574.log: => Passed
log/receive_76800_7_odd_2_test_178650.log: => Passed
log/receive_76800_8_even_1_test_769243.log: => Passed
log/receive_76800_8_even_2_test_616682.log: => Passed
log/receive_76800_8_none_1_test_887289.log: => Passed
log/receive_76800_8_none_2_test_507779.log: => Passed
log/receive_76800_8_odd_1_test_321749.log: => Passed
log/receive_76800_8_odd_2_test_658616.log: => Passed
log/receive_9600_5_even_1_test_760052.log: => Passed
log/receive_9600_5_even_2_test_624419.log: => Passed
log/receive_9600_5_none_1_test_606742.log: => Passed
log/receive_9600_5_none_2_test_482484.log: => Passed
log/receive_9600_5_odd_1_test_803144.log: => Passed
log/receive_9600_5_odd_2_test_107458.log: => Passed
log/receive_9600_6_even_1_test_665012.log: => Passed
log/receive_9600_6_even_2_test_623596.log: => Passed
log/receive_9600_6_none_1_test_531512.log: => Passed
log/receive_9600_6_none_2_test_741441.log: => Passed
log/receive_9600_6_odd_1_test_627180.log: => Passed
log/receive_9600_6_odd_2_test_214416.log: => Passed
log/receive_9600_7_even_1_test_477773.log: => Passed
log/receive_9600_7_even_2_test_147348.log: => Passed
log/receive_9600_7_none_1_test_374963.log: => Passed
log/receive_9600_7_none_2_test_376042.log: => Passed
log/receive_9600_7_odd_1_test_903808.log: => Passed
log/receive_9600_7_odd_2_test_340020.log: => Passed
log/receive_9600_8_even_1_test_427243.log: => Passed
log/receive_9600_8_even_2_test_513437.log: => Passed
log/receive_9600_8_none_1_test_237034.log: => Passed
log/receive_9600_8_none_2_test_641710.log: => Passed
log/receive_9600_8_odd_1_test_847294.log: => Passed
log/receive_9600_8_odd_2_test_743071.log: => Passed
log/receive_custom_5_even_1_test_927354.log: => Passed
log/receive_custom_5_even_2_test_921803.log: => Passed
log/receive_custom_5_none_1_test_829890.log: => Passed
log/receive_custom_5_none_2_test_117854.log: => Passed
log/receive_custom_5_odd_1_test_596281.log: => Passed
log/receive_custom_5_odd_2_test_931576.log: => Passed
log/receive_custom_6_even_1_test_192328.log: => Passed
log/receive_custom_6_even_2_test_242002.log: => Passed
log/receive_custom_6_none_1_test_648737.log: => Passed
log/receive_custom_6_none_2_test_498383.log: => Passed
log/receive_custom_6_odd_1_test_789159.log: => Passed
log/receive_custom_6_odd_2_test_291712.log: => Passed
log/receive_custom_7_even_1_test_577933.log: => Passed
log/receive_custom_7_even_2_test_826572.log: => Passed
log/receive_custom_7_none_1_test_758601.log: => Passed
log/receive_custom_7_none_2_test_704745.log: => Passed
log/receive_custom_7_odd_1_test_175494.log: => Passed
log/receive_custom_7_odd_2_test_972723.log: => Passed
log/receive_custom_8_even_1_test_311667.log: => Passed
log/receive_custom_8_even_2_test_141916.log: => Passed
log/receive_custom_8_none_1_test_926736.log: => Passed
log/receive_custom_8_none_2_test_815428.log: => Passed
log/receive_custom_8_odd_1_test_566944.log: => Passed
log/receive_custom_8_odd_2_test_561990.log: => Passed
log/reg_default_test_951866.log: => Passed
log/reg_rsvd_test_329661.log: => Passed
log/reg_rw_test_188174.log: => Passed
log/reg_w1c_test_478450.log: => Passed
log/transmit_115200_5_even_1_test_868301.log: => Passed
log/transmit_115200_5_even_2_test_910392.log: => Passed
log/transmit_115200_5_none_1_test_764656.log: => Passed
log/transmit_115200_5_none_2_test_954416.log: => Passed
log/transmit_115200_5_odd_1_test_620713.log: => Passed
log/transmit_115200_5_odd_2_test_254381.log: => Passed
log/transmit_115200_6_even_1_test_818966.log: => Passed
log/transmit_115200_6_even_2_test_801157.log: => Passed
log/transmit_115200_6_none_1_test_818977.log: => Passed
log/transmit_115200_6_none_2_test_969384.log: => Passed
log/transmit_115200_6_odd_1_test_215891.log: => Passed
log/transmit_115200_6_odd_2_test_174088.log: => Passed
log/transmit_115200_7_even_1_test_239356.log: => Passed
log/transmit_115200_7_even_2_test_320584.log: => Passed
log/transmit_115200_7_none_1_test_528795.log: => Passed
log/transmit_115200_7_none_2_test_972423.log: => Passed
log/transmit_115200_7_odd_1_test_922575.log: => Passed
log/transmit_115200_7_odd_2_test_836538.log: => Passed
log/transmit_115200_8_even_1_test_915527.log: => Passed
log/transmit_115200_8_even_2_test_225656.log: => Passed
log/transmit_115200_8_none_1_test_930158.log: => Passed
log/transmit_115200_8_none_2_test_159240.log: => Passed
log/transmit_115200_8_odd_1_test_990958.log: => Passed
log/transmit_115200_8_odd_2_test_120060.log: => Passed
log/transmit_19200_5_even_1_test_782902.log: => Passed
log/transmit_19200_5_even_2_test_889991.log: => Passed
log/transmit_19200_5_none_1_test_810468.log: => Passed
log/transmit_19200_5_none_2_test_685323.log: => Passed
log/transmit_19200_5_odd_1_test_686512.log: => Passed
log/transmit_19200_5_odd_2_test_825033.log: => Passed
log/transmit_19200_6_even_1_test_838587.log: => Passed
log/transmit_19200_6_even_2_test_750454.log: => Passed
log/transmit_19200_6_none_1_test_725768.log: => Passed
log/transmit_19200_6_none_2_test_414663.log: => Passed
log/transmit_19200_6_odd_1_test_947748.log: => Passed
log/transmit_19200_6_odd_2_test_188251.log: => Passed
log/transmit_19200_7_even_1_test_463424.log: => Passed
log/transmit_19200_7_even_2_test_622044.log: => Passed
log/transmit_19200_7_none_1_test_788001.log: => Passed
log/transmit_19200_7_none_2_test_162492.log: => Passed
log/transmit_19200_7_odd_1_test_768244.log: => Passed
log/transmit_19200_7_odd_2_test_324742.log: => Passed
log/transmit_19200_8_even_1_test_142263.log: => Passed
log/transmit_19200_8_even_2_test_766733.log: => Passed
log/transmit_19200_8_none_1_test_196757.log: => Passed
log/transmit_19200_8_none_2_test_833763.log: => Passed
log/transmit_19200_8_odd_1_test_591062.log: => Passed
log/transmit_19200_8_odd_2_test_746537.log: => Passed
log/transmit_2400_5_even_1_test_554413.log: => Passed
log/transmit_2400_5_even_2_test_122313.log: => Passed
log/transmit_2400_5_none_1_test_742224.log: => Passed
log/transmit_2400_5_none_2_test_693153.log: => Passed
log/transmit_2400_5_odd_1_test_618045.log: => Passed
log/transmit_2400_5_odd_2_test_714090.log: => Passed
log/transmit_2400_6_even_1_test_450957.log: => Passed
log/transmit_2400_6_even_2_test_774132.log: => Passed
log/transmit_2400_6_none_1_test_639346.log: => Passed
log/transmit_2400_6_none_2_test_862010.log: => Passed
log/transmit_2400_6_odd_1_test_208926.log: => Passed
log/transmit_2400_6_odd_2_test_476601.log: => Passed
log/transmit_2400_7_even_1_test_254634.log: => Passed
log/transmit_2400_7_even_2_test_789266.log: => Passed
log/transmit_2400_7_none_1_test_279824.log: => Passed
log/transmit_2400_7_none_2_test_923439.log: => Passed
log/transmit_2400_7_odd_1_test_901152.log: => Passed
log/transmit_2400_7_odd_2_test_568246.log: => Passed
log/transmit_2400_8_even_1_test_749127.log: => Passed
log/transmit_2400_8_even_2_test_862857.log: => Passed
log/transmit_2400_8_none_1_test_834020.log: => Passed
log/transmit_2400_8_none_2_test_822231.log: => Passed
log/transmit_2400_8_odd_1_test_865735.log: => Passed
log/transmit_2400_8_odd_2_test_491286.log: => Passed
log/transmit_38400_5_even_1_test_110858.log: => Passed
log/transmit_38400_5_even_2_test_882174.log: => Passed
log/transmit_38400_5_none_1_test_535048.log: => Passed
log/transmit_38400_5_none_2_test_603285.log: => Passed
log/transmit_38400_5_odd_1_test_176412.log: => Passed
log/transmit_38400_5_odd_2_test_397797.log: => Passed
log/transmit_38400_6_even_1_test_672633.log: => Passed
log/transmit_38400_6_even_2_test_904815.log: => Passed
log/transmit_38400_6_none_1_test_607431.log: => Passed
log/transmit_38400_6_none_2_test_823058.log: => Passed
log/transmit_38400_6_odd_1_test_967765.log: => Passed
log/transmit_38400_6_odd_2_test_990811.log: => Passed
log/transmit_38400_7_even_1_test_311812.log: => Passed
log/transmit_38400_7_even_2_test_418141.log: => Passed
log/transmit_38400_7_none_1_test_527097.log: => Passed
log/transmit_38400_7_none_2_test_596747.log: => Passed
log/transmit_38400_7_odd_1_test_237131.log: => Passed
log/transmit_38400_7_odd_2_test_287442.log: => Passed
log/transmit_38400_8_even_1_test_986162.log: => Passed
log/transmit_38400_8_even_2_test_992527.log: => Passed
log/transmit_38400_8_none_1_test_374249.log: => Passed
log/transmit_38400_8_none_2_test_301406.log: => Passed
log/transmit_38400_8_odd_1_test_588899.log: => Passed
log/transmit_38400_8_odd_2_test_664333.log: => Passed
log/transmit_4800_5_even_1_test_383612.log: => Passed
log/transmit_4800_5_even_2_test_686292.log: => Passed
log/transmit_4800_5_none_1_test_971445.log: => Passed
log/transmit_4800_5_none_2_test_995749.log: => Passed
log/transmit_4800_5_odd_1_test_614861.log: => Passed
log/transmit_4800_5_odd_2_test_663117.log: => Passed
log/transmit_4800_6_even_1_test_828005.log: => Passed
log/transmit_4800_6_even_2_test_999961.log: => Passed
log/transmit_4800_6_none_1_test_600577.log: => Passed
log/transmit_4800_6_none_2_test_473703.log: => Passed
log/transmit_4800_6_odd_1_test_550890.log: => Passed
log/transmit_4800_6_odd_2_test_239914.log: => Passed
log/transmit_4800_7_even_1_test_710051.log: => Passed
log/transmit_4800_7_even_2_test_311106.log: => Passed
log/transmit_4800_7_none_1_test_875073.log: => Passed
log/transmit_4800_7_none_2_test_330801.log: => Passed
log/transmit_4800_7_odd_1_test_194155.log: => Passed
log/transmit_4800_7_odd_2_test_909811.log: => Passed
log/transmit_4800_8_even_1_test_607875.log: => Passed
log/transmit_4800_8_even_2_test_923344.log: => Passed
log/transmit_4800_8_none_1_test_891333.log: => Passed
log/transmit_4800_8_none_2_test_635018.log: => Passed
log/transmit_4800_8_odd_1_test_462557.log: => Passed
log/transmit_4800_8_odd_2_test_589867.log: => Passed
log/transmit_76800_5_even_1_test_673163.log: => Passed
log/transmit_76800_5_even_2_test_542634.log: => Passed
log/transmit_76800_5_none_1_test_864600.log: => Passed
log/transmit_76800_5_none_2_test_142357.log: => Passed
log/transmit_76800_5_odd_1_test_522086.log: => Passed
log/transmit_76800_5_odd_2_test_898142.log: => Passed
log/transmit_76800_6_even_1_test_839988.log: => Passed
log/transmit_76800_6_even_2_test_312749.log: => Passed
log/transmit_76800_6_none_1_test_335165.log: => Passed
log/transmit_76800_6_none_2_test_137382.log: => Passed
log/transmit_76800_6_odd_1_test_702777.log: => Passed
log/transmit_76800_6_odd_2_test_628910.log: => Passed
log/transmit_76800_7_even_1_test_850278.log: => Passed
log/transmit_76800_7_even_2_test_952114.log: => Passed
log/transmit_76800_7_none_1_test_322824.log: => Passed
log/transmit_76800_7_none_2_test_105287.log: => Passed
log/transmit_76800_7_odd_1_test_250442.log: => Passed
log/transmit_76800_7_odd_2_test_409764.log: => Passed
log/transmit_76800_8_even_1_test_573277.log: => Passed
log/transmit_76800_8_even_2_test_576212.log: => Passed
log/transmit_76800_8_none_1_test_284920.log: => Passed
log/transmit_76800_8_none_2_test_882264.log: => Passed
log/transmit_76800_8_odd_1_test_100965.log: => Passed
log/transmit_76800_8_odd_2_test_186875.log: => Passed
log/transmit_9600_5_even_1_test_379858.log: => Passed
log/transmit_9600_5_even_2_test_671375.log: => Passed
log/transmit_9600_5_none_1_test_844763.log: => Passed
log/transmit_9600_5_none_2_test_647257.log: => Passed
log/transmit_9600_5_odd_1_test_781579.log: => Passed
log/transmit_9600_5_odd_2_test_355006.log: => Passed
log/transmit_9600_6_even_1_test_486497.log: => Passed
log/transmit_9600_6_even_2_test_705684.log: => Passed
log/transmit_9600_6_none_1_test_350237.log: => Passed
log/transmit_9600_6_none_2_test_347194.log: => Passed
log/transmit_9600_6_odd_1_test_112602.log: => Passed
log/transmit_9600_6_odd_2_test_792690.log: => Passed
log/transmit_9600_7_even_1_test_468371.log: => Passed
log/transmit_9600_7_even_2_test_260587.log: => Passed
log/transmit_9600_7_none_1_test_252063.log: => Passed
log/transmit_9600_7_none_2_test_960222.log: => Passed
log/transmit_9600_7_odd_1_test_561798.log: => Passed
log/transmit_9600_7_odd_2_test_414681.log: => Passed
log/transmit_9600_8_even_1_test_724401.log: => Passed
log/transmit_9600_8_even_2_test_542920.log: => Passed
log/transmit_9600_8_none_1_test_783410.log: => Passed
log/transmit_9600_8_none_2_test_583654.log: => Passed
log/transmit_9600_8_odd_1_test_169698.log: => Passed
log/transmit_9600_8_odd_2_test_622508.log: => Passed
log/transmit_custom_5_even_1_test_760888.log: => Passed
log/transmit_custom_5_even_2_test_965340.log: => Passed
log/transmit_custom_5_none_1_test_967821.log: => Passed
log/transmit_custom_5_none_2_test_949564.log: => Passed
log/transmit_custom_5_odd_1_test_948207.log: => Passed
log/transmit_custom_5_odd_2_test_189962.log: => Passed
log/transmit_custom_6_even_1_test_312510.log: => Passed
log/transmit_custom_6_even_2_test_869916.log: => Passed
log/transmit_custom_6_none_1_test_555694.log: => Passed
log/transmit_custom_6_none_2_test_376406.log: => Passed
log/transmit_custom_6_odd_1_test_986086.log: => Passed
log/transmit_custom_6_odd_2_test_265470.log: => Passed
log/transmit_custom_7_even_1_test_606272.log: => Passed
log/transmit_custom_7_even_2_test_858551.log: => Passed
log/transmit_custom_7_none_1_test_717143.log: => Passed
log/transmit_custom_7_none_2_test_447945.log: => Passed
log/transmit_custom_7_odd_1_test_661542.log: => Passed
log/transmit_custom_7_odd_2_test_852034.log: => Passed
log/transmit_custom_8_even_1_test_220700.log: => Passed
log/transmit_custom_8_even_2_test_895187.log: => Passed
log/transmit_custom_8_none_1_test_552916.log: => Passed
log/transmit_custom_8_none_2_test_868058.log: => Passed
log/transmit_custom_8_odd_1_test_517275.log: => Passed
log/transmit_custom_8_odd_2_test_674996.log: => Passed
log/transmit_dynamic_config_test_131804.log: => Passed
log/wr_when_tx_full_test_775851.log: => Passed
log/x13_115200_test_849185.log: => Passed
log/x13_19200_test_715552.log: => Passed
log/x13_2400_test_509823.log: => Passed
log/x13_38400_test_470803.log: => Passed
log/x13_4800_test_627938.log: => Passed
log/x13_76800_test_179860.log: => Passed
log/x13_9600_test_302154.log: => Passed
log/x13_custom_test_509567.log: => Passed
log/x16_115200_test_154739.log: => Passed
log/x16_19200_test_510848.log: => Passed
log/x16_2400_test_864525.log: => Passed
log/x16_38400_test_217597.log: => Passed
log/x16_4800_test_135417.log: => Passed
log/x16_76800_test_881203.log: => Passed
log/x16_9600_test_670908.log: => Passed
log/x16_custom_test_101631.log: => Passed
-----------------------------------------------------------
